// Vitest Snapshot v1, https://vitest.dev/guide/snapshot.html

exports[`App > powinien pasować do snapshot 1`] = `
"<div id="app" class="min-h-screen bg-gray-50 py-8">
  <!-- Główny komponent wyświetlający notatkę -->
  <div data-v-6a099708="" class="max-w-4xl mx-auto p-6 bg-white rounded-lg shadow-sm">
    <!-- Tytuł notatki -->
    <h1 data-v-6a099708="" class="text-3xl font-bold text-gray-900 mb-6 leading-tight">TEST: Zmieniony tytuł notatki - wersja testowa2</h1><!-- Treść notatki -->
    <div data-v-6a099708="" class="text-base text-gray-700 leading-relaxed space-y-4">Dobry wieczór. Coś się... coś się popsuło i nie było mnie słychać, to powtórzę jeszcze raz. Wynik wyborczy KWW Stonogi to jest jakaś porażka, ja myślę że to polskie, kurwa głupie społeczeństwo, te kurwa banda imbecyli która głosowała na tych kurwów karakanów z PiSu to jest jakieś kurwa nieporozumienie. Jeśli tyle dla was znaczy... jeśli tyle dla was znaczy, ludzie takie zaangażowanie społeczne, jak moje gdzie postawiłem moją rodzinę, moje życie prywatne, biznes, wszystko inne i dla was tylko znaczyło to pierdolone 70 czy 80 tysięcy głosów, to was powinno się jebać kurwa, tak się powinno was jebać, jak tylko was może jebać PiS.</div>
  </div>
</div>"
`;
