// Vitest Snapshot v1, https://vitest.dev/guide/snapshot.html

exports[`NoteDetailDialog > powinien renderować poprawną strukturę komponentu 1`] = `
"<div class="flex flex-col gap-y-1.5 text-center sm:text-left"><h2 id="reka-dialog-title-v-0" class="tracking-tight text-lg font-semibold text-slate-900">Test Note Title</h2></div><div class="space-y-5"><div><label class="block text-sm font-medium text-slate-700">Body</label><div class="mt-1 whitespace-pre-wrap text-slate-900">This is the test note body content.
With multiple lines.</div></div><div><p class="text-sm text-slate-600"><span class="font-medium">Created:</span> 10/28/2025</p></div></div><button type="button" class="absolute right-4 top-4 rounded-sm opacity-70 ring-offset-background transition-opacity hover:opacity-100 focus:outline-none focus:ring-2 focus:ring-ring focus:ring-offset-2 disabled:pointer-events-none data-[state=open]:bg-accent data-[state=open]:text-muted-foreground"><svg xmlns="http://www.w3.org/2000/svg" width="24" height="24" viewBox="0 0 24 24" fill="none" stroke="currentColor" stroke-width="2" stroke-linecap="round" stroke-linejoin="round" class="lucide lucide-xicon w-4 h-4"><path d="M18 6 6 18"></path><path d="m6 6 12 12"></path></svg><span class="sr-only">Close</span></button>"
`;
